Loaded source classes:
  - org.apache.commons.codec.DecoderException 
  - org.apache.commons.codec.EncoderException 
  - org.apache.commons.codec.Encoder 
  - org.apache.commons.codec.BinaryEncoder 
  - org.apache.commons.codec.Decoder 
  - org.apache.commons.codec.BinaryDecoder 
  - org.apache.commons.codec.binary.Hex 
  - org.apache.commons.codec.Charsets 
  - org.apache.commons.codec.binary.StringUtils 
Loaded test classes:
  - org.apache.commons.codec.binary.HexTest 
